EN dekad_kij NULL C:/VHDLprojects/tobbmodulos/kisZH1_2013_osz/dekad_kij.vhd sub00/vhpl02 1384700921
AR main behavioral C:/VHDLprojects/tobbmodulos/kisZH1_2013_osz/main.vhd sub00/vhpl01 1384700924
EN main NULL C:/VHDLprojects/tobbmodulos/kisZH1_2013_osz/main.vhd sub00/vhpl00 1384700923
EN dirii_hazi NULL C:/VHDLprojects/tobbmodulos/kisZH1_2013_osz/dirII_hazi.vhf sub00/vhpl04 1384700925
AR dekad_kij behavioral C:/VHDLprojects/tobbmodulos/kisZH1_2013_osz/dekad_kij.vhd sub00/vhpl03 1384700922
AR dirii_hazi behavioral C:/VHDLprojects/tobbmodulos/kisZH1_2013_osz/dirII_hazi.vhf sub00/vhpl05 1384700926
